------------------------------------------------------------
Timing Analyzer Summary
------------------------------------------------------------

Type  : Slow 1100mV 85C Model Setup 'clk'
Slack : -1.857
TNS   : -9.936

Type  : Slow 1100mV 85C Model Hold 'clk'
Slack : 0.525
TNS   : 0.000

Type  : Slow 1100mV 85C Model Minimum Pulse Width 'clk'
Slack : -0.724
TNS   : -8.643

Type  : Slow 1100mV 0C Model Setup 'clk'
Slack : -1.848
TNS   : -9.690

Type  : Slow 1100mV 0C Model Hold 'clk'
Slack : 0.525
TNS   : 0.000

Type  : Slow 1100mV 0C Model Minimum Pulse Width 'clk'
Slack : -0.724
TNS   : -8.806

Type  : Fast 1100mV 85C Model Setup 'clk'
Slack : -0.733
TNS   : -2.032

Type  : Fast 1100mV 85C Model Hold 'clk'
Slack : 0.178
TNS   : 0.000

Type  : Fast 1100mV 85C Model Minimum Pulse Width 'clk'
Slack : -0.084
TNS   : -0.448

Type  : Fast 1100mV 0C Model Setup 'clk'
Slack : -0.694
TNS   : -1.879

Type  : Fast 1100mV 0C Model Hold 'clk'
Slack : 0.169
TNS   : 0.000

Type  : Fast 1100mV 0C Model Minimum Pulse Width 'clk'
Slack : -0.082
TNS   : -0.502

------------------------------------------------------------
